\BOOKMARK [1][-]{section.1}{\376\377\000I\000n\000t\000r\000o\000d\000u\000c\000t\000i\000o\000n}{}% 1
\BOOKMARK [1][-]{section.2}{\376\377\000R\000e\000l\000a\000t\000e\000d\000\040\000W\000o\000r\000k}{}% 2
\BOOKMARK [1][-]{section.3}{\376\377\000I\000n\000t\000e\000r\000a\000c\000t\000i\000o\000n\000\040\000D\000y\000n\000a\000m\000i\000c\000s\000\040\000o\000n\000\040\000F\000l\000o\000a\000t\000i\000n\000g\000-\000B\000a\000s\000e\000\040\000R\000o\000b\000o\000t\000s}{}% 3
\BOOKMARK [1][-]{section.4}{\376\377\000C\000o\000n\000t\000a\000c\000t\000-\000C\000o\000n\000s\000i\000s\000t\000e\000n\000t\000\040\000I\000n\000t\000e\000r\000a\000c\000t\000i\000o\000n\000\040\000D\000y\000n\000a\000m\000i\000c\000s}{}% 4
\BOOKMARK [1][-]{section.5}{\376\377\000P\000r\000e\000d\000i\000c\000t\000i\000v\000e\000\040\000R\000e\000g\000u\000l\000a\000t\000i\000o\000n\000\040\000o\000f\000\040\000I\000n\000t\000e\000r\000a\000c\000t\000i\000o\000n\000\040\000D\000y\000n\000a\000m\000i\000c\000s}{}% 5
\BOOKMARK [1][-]{section.6}{\376\377\000C\000o\000n\000t\000a\000c\000t\000-\000M\000o\000d\000e\000\040\000C\000h\000a\000n\000g\000e\000s\000\040\000i\000n\000\040\000I\000n\000t\000e\000r\000a\000c\000t\000i\000o\000n\000\040\000D\000y\000n\000a\000m\000i\000c\000s}{}% 6
\BOOKMARK [1][-]{section.7}{\376\377\000I\000m\000p\000e\000d\000a\000n\000c\000e\000\040\000a\000s\000\040\000t\000h\000e\000\040\000I\000n\000f\000i\000n\000i\000t\000e\000-\000H\000o\000r\000i\000z\000o\000n\000\040\000L\000i\000m\000i\000t}{}% 7
\BOOKMARK [1][-]{section.8}{\376\377\000S\000t\000a\000b\000i\000l\000i\000t\000y\000\040\000o\000f\000\040\000N\000o\000r\000m\000a\000l\000i\000z\000e\000d\000\040\000I\000n\000t\000e\000r\000a\000c\000t\000i\000o\000n\000\040\000D\000y\000n\000a\000m\000i\000c\000s}{}% 8
\BOOKMARK [1][-]{section.9}{\376\377\000W\000h\000o\000l\000e\000-\000B\000o\000d\000y\000\040\000R\000e\000a\000l\000i\000z\000a\000t\000i\000o\000n\000\040\000a\000n\000d\000\040\000F\000r\000a\000m\000e\000w\000o\000r\000k\000\040\000C\000o\000m\000p\000a\000r\000i\000s\000o\000n}{}% 9
\BOOKMARK [1][-]{section.10}{\376\377\000T\000h\000e\000o\000r\000y\000-\000V\000a\000l\000i\000d\000a\000t\000i\000o\000n\000\040\000E\000x\000p\000e\000r\000i\000m\000e\000n\000t\000s}{}% 10
\BOOKMARK [2][-]{subsection.10.1}{\376\377\000S\000i\000m\000u\000l\000a\000t\000i\000o\000n\000\040\000P\000l\000a\000t\000f\000o\000r\000m}{section.10}% 11
\BOOKMARK [2][-]{subsection.10.2}{\376\377\000B\000e\000n\000c\000h\000m\000a\000r\000k\000e\000d\000\040\000C\000o\000n\000t\000r\000o\000l\000l\000e\000r\000s}{section.10}% 12
\BOOKMARK [2][-]{subsection.10.3}{\376\377\000S\000c\000e\000n\000a\000r\000i\000o\000\040\000A\000:\000\040\000F\000i\000x\000e\000d\000\040\000D\000o\000u\000b\000l\000e\000-\000S\000u\000p\000p\000o\000r\000t\000\040\000S\000t\000e\000p\000\040\000D\000i\000s\000t\000u\000r\000b\000a\000n\000c\000e}{section.10}% 13
\BOOKMARK [2][-]{subsection.10.4}{\376\377\000S\000c\000e\000n\000a\000r\000i\000o\000\040\000B\000:\000\040\000S\000t\000a\000n\000c\000e\000\040\000w\000i\000t\000h\000\040\000P\000e\000r\000i\000o\000d\000i\000c\000\040\000T\000r\000a\000n\000s\000m\000i\000t\000t\000e\000d\000\040\000F\000o\000r\000c\000e\000\040\000S\000h\000o\000c\000k\000s}{section.10}% 14
\BOOKMARK [2][-]{subsection.10.5}{\376\377\000S\000c\000e\000n\000a\000r\000i\000o\000\040\000C\000:\000\040\000U\000n\000i\000t\000r\000e\000e\000\040\000G\0001\000\040\000R\000e\000a\000l\000\040\000M\000o\000d\000e\000l\000,\000\040\000F\000i\000x\000e\000d\000\040\000S\000t\000a\000n\000c\000e}{section.10}% 15
\BOOKMARK [2][-]{subsection.10.6}{\376\377\000T\000h\000e\000o\000r\000e\000m\000\040\000a\000n\000d\000\040\000I\000n\000e\000r\000t\000i\000a\000\040\000D\000i\000a\000g\000n\000o\000s\000t\000i\000c\000s}{section.10}% 16
\BOOKMARK [2][-]{subsection.10.7}{\376\377\000S\000c\000e\000n\000a\000r\000i\000o\000\040\000E\000:\000\040\000B\000r\000a\000c\000i\000n\000g\000-\000H\000a\000n\000d\000\040\000S\000u\000p\000p\000o\000r\000t\000\040\000T\000r\000a\000n\000s\000i\000t\000i\000o\000n}{section.10}% 17
\BOOKMARK [2][-]{subsection.10.8}{\376\377\000S\000c\000e\000n\000a\000r\000i\000o\000\040\000F\000:\000\040\000Q\000u\000a\000s\000i\000-\000S\000t\000a\000t\000i\000c\000\040\000S\000i\000n\000g\000l\000e\000-\000D\000o\000u\000b\000l\000e\000\040\000S\000u\000p\000p\000o\000r\000t\000\040\000T\000r\000a\000n\000s\000i\000t\000i\000o\000n}{section.10}% 18
\BOOKMARK [1][-]{section.11}{\376\377\000C\000o\000n\000c\000l\000u\000s\000i\000o\000n}{}% 19
\BOOKMARK [1][-]{section*.1}{\376\377\000R\000e\000f\000e\000r\000e\000n\000c\000e\000s}{}% 20
