\BOOKMARK [1][-]{section.1}{\376\377\000I\000n\000t\000r\000o\000d\000u\000c\000t\000i\000o\000n}{}% 1
\BOOKMARK [1][-]{section.2}{\376\377\000R\000e\000l\000a\000t\000e\000d\000\040\000W\000o\000r\000k}{}% 2
\BOOKMARK [2][-]{subsection.2.1}{\376\377\000C\000e\000n\000t\000r\000o\000i\000d\000a\000l\000\040\000M\000P\000C\000\040\000f\000o\000r\000\040\000L\000o\000c\000o\000m\000o\000t\000i\000o\000n}{section.2}% 3
\BOOKMARK [2][-]{subsection.2.2}{\376\377\000T\000r\000a\000j\000e\000c\000t\000o\000r\000y\000\040\000O\000p\000t\000i\000m\000i\000z\000a\000t\000i\000o\000n\000\040\000a\000n\000d\000\040\000N\000o\000n\000l\000i\000n\000e\000a\000r\000\040\000M\000P\000C}{section.2}% 4
\BOOKMARK [2][-]{subsection.2.3}{\376\377\000I\000m\000p\000e\000d\000a\000n\000c\000e\000\040\000M\000P\000C\000\040\000f\000o\000r\000\040\000M\000a\000n\000i\000p\000u\000l\000a\000t\000i\000o\000n}{section.2}% 5
\BOOKMARK [2][-]{subsection.2.4}{\376\377\000O\000p\000e\000r\000a\000t\000i\000o\000n\000a\000l\000\040\000S\000p\000a\000c\000e\000\040\000C\000o\000n\000t\000r\000o\000l\000\040\000a\000n\000d\000\040\000F\000l\000o\000a\000t\000i\000n\000g\000-\000B\000a\000s\000e\000\040\000I\000n\000v\000e\000r\000s\000e\000\040\000D\000y\000n\000a\000m\000i\000c\000s}{section.2}% 6
\BOOKMARK [1][-]{section.3}{\376\377\000I\000n\000t\000e\000r\000a\000c\000t\000i\000o\000n\000\040\000D\000y\000n\000a\000m\000i\000c\000s\000\040\000o\000n\000\040\000F\000l\000o\000a\000t\000i\000n\000g\000-\000B\000a\000s\000e\000\040\000R\000o\000b\000o\000t\000s}{}% 7
\BOOKMARK [2][-]{subsection.3.1}{\376\377\000G\000e\000n\000e\000r\000a\000l\000i\000z\000e\000d\000\040\000C\000o\000o\000r\000d\000i\000n\000a\000t\000e\000s}{section.3}% 8
\BOOKMARK [2][-]{subsection.3.2}{\376\377\000E\000q\000u\000a\000t\000i\000o\000n\000s\000\040\000o\000f\000\040\000M\000o\000t\000i\000o\000n}{section.3}% 9
\BOOKMARK [2][-]{subsection.3.3}{\376\377\000R\000i\000g\000i\000d\000\040\000C\000o\000n\000t\000a\000c\000t\000\040\000C\000o\000n\000s\000t\000r\000a\000i\000n\000t\000s}{section.3}% 10
\BOOKMARK [2][-]{subsection.3.4}{\376\377\000C\000o\000n\000t\000a\000c\000t\000-\000C\000o\000n\000s\000i\000s\000t\000e\000n\000t\000\040\000M\000a\000s\000s\000\040\000I\000n\000v\000e\000r\000s\000e}{section.3}% 11
\BOOKMARK [2][-]{subsection.3.5}{\376\377\000C\000e\000n\000t\000r\000o\000i\000d\000a\000l\000\040\000D\000y\000n\000a\000m\000i\000c\000s}{section.3}% 12
\BOOKMARK [1][-]{section.4}{\376\377\000C\000o\000n\000t\000a\000c\000t\000-\000C\000o\000n\000s\000i\000s\000t\000e\000n\000t\000\040\000I\000n\000t\000e\000r\000a\000c\000t\000i\000o\000n\000\040\000D\000y\000n\000a\000m\000i\000c\000s}{}% 13
\BOOKMARK [2][-]{subsection.4.1}{\376\377\000T\000a\000s\000k\000-\000S\000p\000a\000c\000e\000\040\000D\000y\000n\000a\000m\000i\000c\000s}{section.4}% 14
\BOOKMARK [2][-]{subsection.4.2}{\376\377\000H\000i\000e\000r\000a\000r\000c\000h\000i\000c\000a\000l\000\040\000T\000a\000s\000k\000\040\000S\000y\000n\000t\000h\000e\000s\000i\000s\000\040\000\050\000S\000K\0000\0005\000\051}{section.4}% 15
\BOOKMARK [1][-]{section.5}{\376\377\000P\000r\000e\000d\000i\000c\000t\000i\000v\000e\000\040\000R\000e\000g\000u\000l\000a\000t\000i\000o\000n\000\040\000o\000f\000\040\000I\000n\000t\000e\000r\000a\000c\000t\000i\000o\000n\000\040\000D\000y\000n\000a\000m\000i\000c\000s}{}% 16
\BOOKMARK [2][-]{subsection.5.1}{\376\377\000A\000r\000c\000h\000i\000t\000e\000c\000t\000u\000r\000e\000\040\000O\000v\000e\000r\000v\000i\000e\000w}{section.5}% 17
\BOOKMARK [2][-]{subsection.5.2}{\376\377\000C\000o\000n\000t\000a\000c\000t\000-\000C\000o\000n\000s\000i\000s\000t\000e\000n\000t\000\040\000R\000e\000s\000i\000d\000u\000a\000l\000\040\000P\000l\000a\000n\000t}{section.5}% 18
\BOOKMARK [2][-]{subsection.5.3}{\376\377\000C\000o\000n\000t\000a\000c\000t\000-\000C\000o\000n\000s\000i\000s\000t\000e\000n\000t\000\040\000F\000e\000e\000d\000f\000o\000r\000w\000a\000r\000d\000\040\000a\000n\000d\000\040\000H\000o\000r\000i\000z\000o\000n\000\040\000F\000r\000e\000e\000z\000i\000n\000g}{section.5}% 19
\BOOKMARK [2][-]{subsection.5.4}{\376\377\000R\000e\000c\000e\000d\000i\000n\000g\000-\000H\000o\000r\000i\000z\000o\000n\000\040\000Q\000P}{section.5}% 20
\BOOKMARK [2][-]{subsection.5.5}{\376\377\000K\000a\000l\000m\000a\000n\000\040\000D\000i\000s\000t\000u\000r\000b\000a\000n\000c\000e\000\040\000A\000u\000g\000m\000e\000n\000t\000a\000t\000i\000o\000n}{section.5}% 21
\BOOKMARK [1][-]{section.6}{\376\377\000C\000o\000n\000t\000a\000c\000t\000-\000M\000o\000d\000e\000\040\000C\000h\000a\000n\000g\000e\000s\000\040\000i\000n\000\040\000I\000n\000t\000e\000r\000a\000c\000t\000i\000o\000n\000\040\000D\000y\000n\000a\000m\000i\000c\000s}{}% 22
\BOOKMARK [2][-]{subsection.6.1}{\376\377\000C\000o\000n\000t\000a\000c\000t\000-\000M\000o\000d\000e\000\040\000S\000w\000i\000t\000c\000h\000\040\000P\000r\000o\000t\000o\000c\000o\000l}{section.6}% 23
\BOOKMARK [2][-]{subsection.6.2}{\376\377\000C\000o\000n\000t\000a\000c\000t\000-\000M\000o\000d\000e\000-\000I\000n\000d\000e\000x\000e\000d\000\040\000M\000a\000t\000r\000i\000x\000\040\000L\000i\000b\000r\000a\000r\000y}{section.6}% 24
\BOOKMARK [1][-]{section.7}{\376\377\000I\000m\000p\000e\000d\000a\000n\000c\000e\000\040\000a\000s\000\040\000t\000h\000e\000\040\000I\000n\000f\000i\000n\000i\000t\000e\000-\000H\000o\000r\000i\000z\000o\000n\000\040\000L\000i\000m\000i\000t}{}% 25
\BOOKMARK [1][-]{section.8}{\376\377\000S\000t\000a\000b\000i\000l\000i\000t\000y\000\040\000o\000f\000\040\000N\000o\000r\000m\000a\000l\000i\000z\000e\000d\000\040\000I\000n\000t\000e\000r\000a\000c\000t\000i\000o\000n\000\040\000D\000y\000n\000a\000m\000i\000c\000s}{}% 26
\BOOKMARK [2][-]{subsection.8.1}{\376\377\000Z\000e\000r\000o\000\040\000S\000t\000e\000a\000d\000y\000-\000S\000t\000a\000t\000e\000\040\000E\000r\000r\000o\000r\000\040\000U\000n\000d\000e\000r\000\040\000F\000i\000x\000e\000d\000\040\000C\000o\000n\000t\000a\000c\000t\000\040\000M\000o\000d\000e}{section.8}% 27
\BOOKMARK [2][-]{subsection.8.2}{\376\377\000T\000r\000a\000n\000s\000i\000e\000n\000t\000\040\000B\000o\000u\000n\000d\000\040\000A\000c\000r\000o\000s\000s\000\040\000C\000o\000n\000t\000a\000c\000t\000\040\000T\000r\000a\000n\000s\000i\000t\000i\000o\000n\000s}{section.8}% 28
\BOOKMARK [2][-]{subsection.8.3}{\376\377\000N\000u\000l\000l\000-\000S\000p\000a\000c\000e\000\040\000B\000a\000r\000r\000i\000e\000r\000\040\000S\000t\000a\000b\000i\000l\000i\000t\000y}{section.8}% 29
\BOOKMARK [1][-]{section.9}{\376\377\000W\000h\000o\000l\000e\000-\000B\000o\000d\000y\000\040\000R\000e\000a\000l\000i\000z\000a\000t\000i\000o\000n\000\040\000a\000n\000d\000\040\000F\000r\000a\000m\000e\000w\000o\000r\000k\000\040\000C\000o\000m\000p\000a\000r\000i\000s\000o\000n}{}% 30
\BOOKMARK [2][-]{subsection.9.1}{\376\377\000W\000h\000o\000l\000e\000-\000B\000o\000d\000y\000\040\000T\000o\000r\000q\000u\000e\000\040\000R\000e\000a\000l\000i\000z\000a\000t\000i\000o\000n}{section.9}% 31
\BOOKMARK [2][-]{subsection.9.2}{\376\377\000A\000r\000c\000h\000i\000t\000e\000c\000t\000u\000r\000a\000l\000\040\000C\000o\000m\000p\000a\000r\000i\000s\000o\000n}{section.9}% 32
\BOOKMARK [1][-]{section.10}{\376\377\000T\000h\000e\000o\000r\000y\000-\000V\000a\000l\000i\000d\000a\000t\000i\000o\000n\000\040\000E\000x\000p\000e\000r\000i\000m\000e\000n\000t\000s}{}% 33
\BOOKMARK [2][-]{subsection.10.1}{\376\377\000S\000i\000m\000u\000l\000a\000t\000i\000o\000n\000\040\000P\000l\000a\000t\000f\000o\000r\000m}{section.10}% 34
\BOOKMARK [2][-]{subsection.10.2}{\376\377\000B\000e\000n\000c\000h\000m\000a\000r\000k\000e\000d\000\040\000C\000o\000n\000t\000r\000o\000l\000l\000e\000r\000s}{section.10}% 35
\BOOKMARK [2][-]{subsection.10.3}{\376\377\000S\000c\000e\000n\000a\000r\000i\000o\000\040\000A\000:\000\040\000F\000i\000x\000e\000d\000\040\000D\000o\000u\000b\000l\000e\000-\000S\000u\000p\000p\000o\000r\000t\000\040\000S\000t\000e\000p\000\040\000D\000i\000s\000t\000u\000r\000b\000a\000n\000c\000e}{section.10}% 36
\BOOKMARK [2][-]{subsection.10.4}{\376\377\000S\000c\000e\000n\000a\000r\000i\000o\000\040\000B\000:\000\040\000S\000t\000a\000n\000c\000e\000\040\000w\000i\000t\000h\000\040\000P\000e\000r\000i\000o\000d\000i\000c\000\040\000C\000o\000n\000t\000a\000c\000t\000-\000T\000r\000a\000n\000s\000i\000t\000i\000o\000n\000\040\000S\000h\000o\000c\000k\000s}{section.10}% 37
\BOOKMARK [2][-]{subsection.10.5}{\376\377\000S\000c\000e\000n\000a\000r\000i\000o\000\040\000C\000:\000\040\000U\000n\000i\000t\000r\000e\000e\000\040\000G\0001\000\040\000R\000e\000a\000l\000\040\000M\000o\000d\000e\000l\000,\000\040\000F\000i\000x\000e\000d\000\040\000S\000t\000a\000n\000c\000e}{section.10}% 38
\BOOKMARK [2][-]{subsection.10.6}{\376\377\000S\000c\000e\000n\000a\000r\000i\000o\000\040\000E\000:\000\040\000B\000r\000a\000c\000i\000n\000g\000-\000H\000a\000n\000d\000\040\000S\000u\000p\000p\000o\000r\000t\000\040\000T\000r\000a\000n\000s\000i\000t\000i\000o\000n}{section.10}% 39
\BOOKMARK [2][-]{subsection.10.7}{\376\377\000S\000c\000e\000n\000a\000r\000i\000o\000\040\000F\000:\000\040\000Q\000u\000a\000s\000i\000-\000S\000t\000a\000t\000i\000c\000\040\000S\000i\000n\000g\000l\000e\000-\000D\000o\000u\000b\000l\000e\000\040\000S\000u\000p\000p\000o\000r\000t\000\040\000T\000r\000a\000n\000s\000i\000t\000i\000o\000n}{section.10}% 40
\BOOKMARK [1][-]{section.11}{\376\377\000C\000o\000n\000c\000l\000u\000s\000i\000o\000n}{}% 41
\BOOKMARK [1][-]{section*.1}{\376\377\000R\000e\000f\000e\000r\000e\000n\000c\000e\000s}{}% 42
